C:\Users\Vincenzo\Documents\GitHub\Lotto_GUI\src\calcoli\CalcoloVincita.java
C:\Users\Vincenzo\Documents\GitHub\Lotto_GUI\src\finestre\DettagliPartita.java
C:\Users\Vincenzo\Documents\GitHub\Lotto_GUI\src\finestre\Finale.java
C:\Users\Vincenzo\Documents\GitHub\Lotto_GUI\src\finestre\Info.java
C:\Users\Vincenzo\Documents\GitHub\Lotto_GUI\src\finestre\InserimentoNumeri.java
C:\Users\Vincenzo\Documents\GitHub\Lotto_GUI\src\finestre\Login.java
C:\Users\Vincenzo\Documents\GitHub\Lotto_GUI\src\finestre\Menu.java
C:\Users\Vincenzo\Documents\GitHub\Lotto_GUI\src\finestre\Statistiche.java
C:\Users\Vincenzo\Documents\GitHub\Lotto_GUI\src\finestre\UtilFinestra.java
C:\Users\Vincenzo\Documents\GitHub\Lotto_GUI\src\finestre\gestori\GestoreFinestra.java
C:\Users\Vincenzo\Documents\GitHub\Lotto_GUI\src\finestre\gestori\GestoreFinestraFN.java
C:\Users\Vincenzo\Documents\GitHub\Lotto_GUI\src\finestre\gestori\GestoreFinestraND.java
C:\Users\Vincenzo\Documents\GitHub\Lotto_GUI\src\finestre\gestori\GestoreMouse.java
C:\Users\Vincenzo\Documents\GitHub\Lotto_GUI\src\finestre\gestori\GestoreUscita.java
C:\Users\Vincenzo\Documents\GitHub\Lotto_GUI\src\finestre\gestori\GInfo.java
C:\Users\Vincenzo\Documents\GitHub\Lotto_GUI\src\log\FileInput.java
C:\Users\Vincenzo\Documents\GitHub\Lotto_GUI\src\log\FileOutput.java
C:\Users\Vincenzo\Documents\GitHub\Lotto_GUI\src\log\Log.java
C:\Users\Vincenzo\Documents\GitHub\Lotto_GUI\src\main\LottoMain.java
C:\Users\Vincenzo\Documents\GitHub\Lotto_GUI\src\utente\Utente.java
